2026-10-05 04:08:42.484   Log opened. (Time zone: UTC+00:00)
2026-10-05 04:08:42.484   Setup version: Inno Setup version 6.7.1
2026-10-05 04:08:42.484   Original Setup EXE: D:\a\Fisi-Lernplattform\Fisi-Lernplattform\dl\Setup-0.55.exe
2026-10-05 04:08:42.484   Setup command line: /SL5="$40090,17260945,893952,D:\a\Fisi-Lernplattform\Fisi-Lernplattform\dl\Setup-0.55.exe" /SILENT /SUPPRESSMSGBOXES /NORESTART /LOG="D:\a\Fisi-Lernplattform\Fisi-Lernplattform\protokolle\A_update_mit_laufendem_prozess.log"
2026-10-05 04:08:42.484   Windows version: 10.0.26100
2026-10-05 04:08:42.484   Windows architecture: x64 (64-bit)
2026-10-05 04:08:42.484   Machine types supported by system: x86 x64
2026-10-05 04:08:42.484   User privileges: Administrative
2026-10-05 04:08:42.491   Administrative install mode: No
2026-10-05 04:08:42.491   Install mode root key: HKEY_CURRENT_USER
2026-10-05 04:08:42.491   64-bit install mode: Yes
2026-10-05 04:08:42.491   RedirectionGuard status for current process: Enabled in enforcing mode
2026-10-05 04:08:42.493   Created protected temporary directory: C:\Users\RUNNER~1\AppData\Local\Temp\is-RQ9Z565YA3.tmp
2026-10-05 04:08:42.641   Found 54 files to register with RestartManager.
2026-10-05 04:08:42.641   Calling RestartManager's RmGetList.
2026-10-05 04:08:42.690   RmGetList finished successfully.
2026-10-05 04:08:42.690   RestartManager found an application using one of our files: FISI Lernplattform
2026-10-05 04:08:42.690   Can use RestartManager to avoid reboot? Yes (0)
2026-10-05 04:08:42.722   Starting the installation process.
2026-10-05 04:08:42.728   Shutting down applications using our files.
2026-10-05 04:09:12.883   Some applications could not be shut down.
2026-10-05 04:09:12.883   Defaulting to Abort for suppressed message box (Abort/Retry/Ignore):
                          Das Setup konnte nicht alle Anwendungen automatisch schließen. Es wird empfohlen, alle Anwendungen zu schließen, die Dateien benutzen, die vom Setup vor einer Fortsetzung aktualisiert werden müssen.  
2026-10-05 04:09:12.883   User canceled the installation process.
2026-10-05 04:09:12.883   Rolling back changes.
2026-10-05 04:09:12.889   Starting the uninstallation process.
2026-10-05 04:09:12.889   Uninstallation process succeeded.
2026-10-05 04:09:14.392   Deinitializing Setup.
2026-10-05 04:09:14.424   Log closed.
